{
  "A": 1,
  "B": true,
  "C": {
    "C1": 10
  },
  "D": true,
  "E": 10,
  "F": null
}