{
  "A": 1,
  "B": true,
  "C": null,
  "D": true,
  "E": 10,
  "F": null
}