{
  "A": 1,
  "B": true,
  "C": null,
  "D": {
  },
  "E": {
    "E1": 1,
    "E2": true,
    "E3": "E3"
  },
  "F": {
    "F1": {
    },
    "F2": null,
    "F3": {
      "F31": 10,
      "F32": null
    }
  }
}