{
  "A": {
  },
  "B": {
    "B1star": 21
  },
  "C": {
    "C1": "1",
    "C2": "2"
  }
}
