{
  "A": 1,
  "B": true,
  "C": null,
  "Dstar": 4
}
