{
  "A": 1,
  "B": true,
  "C": null,
  "Dstar": {
    "D1":  41
  }
}
