{
  "A": {
  },
  "Bstar": {
    "B1": 21,
    "B2": 22
  },
  "C": {
    "C1": {
      "C11": true
    },
    "C2": 2
  }
}
